// Vitest Snapshot v1, https://vitest.dev/guide/snapshot.html

exports[`relation database 1`] = `
[
  "/**  public comment */",
  "interface User {",
  "  /** @default {autoincrement()} */",
  "  id: number",
  "  /** @default {now()} */",
  "  createdAt: Date",
  "  /**  inline public comment */",
  "  email: string",
  "  name: string | null",
  "  /** @default {USER} */",
  "  role: Role",
  "}",
  "/**  public comment */",
  "interface UserCreateInput {",
  "  /** @default {now()} */",
  "  createdAt?: number",
  "  /**  inline public comment */",
  "  email?: string",
  "  name?: string",
  "  /** @default {USER} */",
  "  role?: Role",
  "}",
  "/**  public comment */",
  "interface UserUpdateInput {",
  "  /** @default {autoincrement()} */",
  "  id?: number",
  "  /** @default {now()} */",
  "  createdAt?: number",
  "  /**  inline public comment */",
  "  email?: string",
  "  name?: string",
  "  /** @default {USER} */",
  "  role?: Role",
  "}",
  "interface Post {",
  "  /** @default {autoincrement()} */",
  "  id: number",
  "  /** @default {now()} */",
  "  createdAt: Date",
  "  updatedAt: Date",
  "  /** @default {false} */",
  "  published: boolean",
  "  title: string",
  "  authorId: number | null",
  "}",
  "interface PostCreateInput {",
  "  /** @default {now()} */",
  "  createdAt?: number",
  "  updatedAt?: number",
  "  /** @default {false} */",
  "  published?: boolean",
  "  title: string",
  "  authorId?: number",
  "}",
  "interface PostUpdateInput {",
  "  /** @default {autoincrement()} */",
  "  id?: number",
  "  /** @default {now()} */",
  "  createdAt?: number",
  "  updatedAt?: number",
  "  /** @default {false} */",
  "  published?: boolean",
  "  title?: string",
  "  authorId?: number",
  "}",
  "/**",
  "* Enums",
  "*/",
  "// Based on",
  "// https://github.com/microsoft/TypeScript/issues/3192#issuecomment-261720275",
  "",
  "export const Role: {",
  "  USER: \\"USER\\"",
  "  ADMIN: \\"admin\\"",
  "}",
  "export type Role = (typeof Role)[keyof typeof Role]",
  "",
]
`;
