// Vitest Snapshot v1, https://vitest.dev/guide/snapshot.html

exports[`mongo database has composite type 1`] = `
[
  "interface User {",
  "  /** @default {auto()} */",
  "  id: string",
  "  email: string",
  "  name: string | null",
  "  address: Address | null",
  "}",
  "interface UserCreateInput {",
  "  email: string",
  "  name?: string",
  "  address?: AddressCreateInput",
  "}",
  "interface UserUpdateInput {",
  "  /** @default {auto()} */",
  "  id?: string",
  "  email?: string",
  "  name?: string",
  "  address?: AddressCreateInput",
  "}",
  "interface Address {",
  "  street: string",
  "  city: string",
  "  state: string",
  "  zip: string",
  "}",
  "interface AddressCreateInput {",
  "  street: string",
  "  city: string",
  "  state: string",
  "  zip: string",
  "}",
  "interface AddressUpdateInput {",
  "  street?: string",
  "  city?: string",
  "  state?: string",
  "  zip?: string",
  "}",
]
`;
